src/components/CapturedPieces/CapturedPieces.tsx(37,58): error TS6133: 'index' is declared but its value is never read.
